// Jest Snapshot v1, https://goo.gl/fbAQLP

exports[`SearchScreen snapshot 1`] = `
<View
  style={
    Object {
      "alignItems": "center",
      "backgroundColor": "#0F1B2B",
      "flex": 1,
      "justifyContent": "center",
    }
  }
>
  <Text
    style={
      Object {
        "color": "#FFFFFF",
        "fontSize": 24,
      }
    }
  >
    SearchScreen
  </Text>
</View>
`;
