// Jest Snapshot v1, https://goo.gl/fbAQLP

exports[`CardList snapshot 1`] = `
<View
  style={
    Object {
      "flex": 1,
      "justifyContent": "center",
      "marginHorizontal": 20,
      "marginVertical": 10,
    }
  }
>
  <Text
    style={
      Object {
        "color": "#47CFFF",
      }
    }
  >
    Action
  </Text>
  <View
    style={
      Object {
        "flexDirection": "row",
      }
    }
  >
    <RCTScrollView
      data={
        Array [
          Object {
            "backdrop": "https://wookie.codesubmit.io/static/backdrops/d6822b7b-48bb-4b78-ad5e-9ba04c517ec8.jpg",
            "cast": Array [
              "Christian Bale",
              "Heath Ledger",
              "Aaron Eckhart",
            ],
            "classification": "13+",
            "director": "Christopher Nolan",
            "genres": Array [
              "Action",
              "Crime",
              "Drama",
            ],
            "id": "d6822b7b-48bb-4b78-ad5e-9ba04c517ec8",
            "imdb_rating": 9,
            "length": "2h 32min",
            "overview": "Batman raises the stakes in his war on crime. With the help of Lt. Jim Gordon and District Attorney Harvey Dent, Batman sets out to dismantle the remaining criminal organizations that plague the streets. The partnership proves to be effective, but they soon find themselves prey to a reign of chaos unleashed by a rising criminal mastermind known to the terrified citizens of Gotham as the Joker.",
            "poster": "https://wookie.codesubmit.io/static/posters/d6822b7b-48bb-4b78-ad5e-9ba04c517ec8.jpg",
            "released_on": "2008-07-16T00:00:00",
            "slug": "the-dark-knight-2008",
            "title": "The Dark Knight",
          },
          Object {
            "backdrop": "https://wookie.codesubmit.io/static/backdrops/a9d94d6e-4cab-44a9-8eec-d44ad6332b6d.jpg",
            "cast": Array [
              "John Travolta",
              "Uma Thurman",
              "Samuel L. Jackson",
            ],
            "classification": "18+",
            "director": "Quentin Tarantino",
            "genres": Array [
              "Crime",
              "Drama",
            ],
            "id": "a9d94d6e-4cab-44a9-8eec-d44ad6332b6d",
            "imdb_rating": 8.9,
            "length": "2h 34min",
            "overview": "A burger-loving hit man, his philosophical partner, a drug-addled gangster's moll and a washed-up boxer converge in this sprawling, comedic crime caper. Their adventures unfurl in three stories that ingeniously trip back and forth in time.",
            "poster": "https://wookie.codesubmit.io/static/posters/a9d94d6e-4cab-44a9-8eec-d44ad6332b6d.jpg",
            "released_on": "1994-09-10T00:00:00",
            "slug": "pulp-fiction-1994",
            "title": "Pulp Fiction",
          },
        ]
      }
      getItem={[Function]}
      getItemCount={[Function]}
      horizontal={true}
      keyExtractor={[Function]}
      onContentSizeChange={[Function]}
      onLayout={[Function]}
      onMomentumScrollBegin={[Function]}
      onMomentumScrollEnd={[Function]}
      onScroll={[Function]}
      onScrollBeginDrag={[Function]}
      onScrollEndDrag={[Function]}
      removeClippedSubviews={false}
      renderItem={[Function]}
      scrollEventThrottle={50}
      showsHorizontalScrollIndicator={false}
      stickyHeaderIndices={Array []}
      viewabilityConfigCallbackPairs={Array []}
    >
      <View>
        <View
          onLayout={[Function]}
          style={
            Array [
              Object {
                "flexDirection": "row",
              },
              null,
            ]
          }
        >
          <View
            style={
              Object {
                "marginRight": 10,
                "marginVertical": 8,
                "width": 150,
              }
            }
          >
            <Image
              source={
                Object {
                  "uri": "https://wookie.codesubmit.io/static/posters/d6822b7b-48bb-4b78-ad5e-9ba04c517ec8.jpg",
                }
              }
              style={
                Object {
                  "height": 250,
                  "width": 150,
                }
              }
            />
            <Text
              numberOfLines={1}
              style={
                Object {
                  "color": "#FFFFFF",
                  "fontSize": 16,
                  "fontWeight": "600",
                  "marginVertical": 4,
                }
              }
            >
              The Dark Knight
            </Text>
            <Text
              numberOfLines={1}
              style={
                Object {
                  "color": "#FFFFFF",
                  "fontSize": 14,
                  "marginVertical": 2,
                  "opacity": 0.6,
                }
              }
            >
              2h 32min
               | 
              13+
            </Text>
          </View>
        </View>
        <View
          onLayout={[Function]}
          style={
            Array [
              Object {
                "flexDirection": "row",
              },
              null,
            ]
          }
        >
          <View
            style={
              Object {
                "marginRight": 10,
                "marginVertical": 8,
                "width": 150,
              }
            }
          >
            <Image
              source={
                Object {
                  "uri": "https://wookie.codesubmit.io/static/posters/a9d94d6e-4cab-44a9-8eec-d44ad6332b6d.jpg",
                }
              }
              style={
                Object {
                  "height": 250,
                  "width": 150,
                }
              }
            />
            <Text
              numberOfLines={1}
              style={
                Object {
                  "color": "#FFFFFF",
                  "fontSize": 16,
                  "fontWeight": "600",
                  "marginVertical": 4,
                }
              }
            >
              Pulp Fiction
            </Text>
            <Text
              numberOfLines={1}
              style={
                Object {
                  "color": "#FFFFFF",
                  "fontSize": 14,
                  "marginVertical": 2,
                  "opacity": 0.6,
                }
              }
            >
              2h 34min
               | 
              18+
            </Text>
          </View>
        </View>
      </View>
    </RCTScrollView>
  </View>
</View>
`;
